// Bun Snapshot v1, https://goo.gl/fbAQLP

exports[`actionsToJson should export actions to JSON 1`] = `
{
  "hi": {
    "description": "Say hello",
    "input": {
      "additionalProperties": false,
      "properties": {
        "name": {
          "type": "string",
        },
      },
      "required": [
        "name",
      ],
      "type": "object",
    },
    "output": {
      "type": "string",
    },
    "sse": undefined,
  },
}
`;
