// Bun Snapshot v1, https://goo.gl/fbAQLP

exports[`HTTPRouter should handle actions with zod validation 1`] = `
{
  "actions": {
    "foo": {
      "description": null,
      "input": null,
      "output": null,
      "sse": false,
    },
    "taz": {
      "description": null,
      "input": {
        "additionalProperties": false,
        "properties": {
          "name": {
            "type": "string",
          },
        },
        "type": "object",
      },
      "output": null,
    },
  },
}
`;

exports[`HTTPRouter should handle actions without zod validation 1`] = `"ok"`;

exports[`HTTPRouter should handle sse actions 1`] = `
"data: {"a":1}

data: "2"

event: close
data: true

"
`;

exports[`HTTPRouter should handle sse actions with error 1`] = `
"data: {"a":1}

data: "2"

event: close
data: true

"
`;
